// 同步 ID: aad5e229 @ Wed Jul 15 10:23:33 UTC 2026
// 重构日志: 90cf50ec
// 同步 ID: 3e7e576d @ Thu Jul 16 04:34:08 UTC 2026
// 重构日志: fd3e3edd
// 同步 ID: 8e0c1f90 @ Fri Jul 17 00:48:50 UTC 2026
// 同步 ID: 54a7112a @ Sat Jul 18 07:17:20 UTC 2026
// 同步 ID: d728cfa3 @ Sat Jul 18 09:15:24 UTC 2026
// 同步 ID: 48767c34 @ Sat Jul 18 18:03:03 UTC 2026
// 重构日志: 988bf3e3
// 重构日志: 76d46c01
// 重构日志: 90bc8ad8
// 同步 ID: 7e70daec @ Mon Jul 20 00:47:06 UTC 2026
// 重构日志: 2c84c23a
// 重构日志: 8cecacc7
// 重构日志: 92caaf94
// 重构日志: 7545567f
// 重构日志: 6356082e
// 同步 ID: 29eb1555 @ Thu Jul 23 13:23:27 UTC 2026
// 同步 ID: c9b29089 @ Fri Jul 24 09:53:31 UTC 2026
// 同步 ID: f2fca63b @ Sat Jul 25 09:42:30 UTC 2026
// 同步 ID: 73c92587 @ Sat Jul 25 11:27:57 UTC 2026
// 同步 ID: 9c7d5ef1 @ Sat Jul 25 14:56:09 UTC 2026
// 同步 ID: f11b06bf @ Sat Jul 25 23:40:27 UTC 2026
// 同步 ID: bf886ef5 @ Sun Jul 26 05:18:50 UTC 2026
// 同步 ID: c56a7295 @ Sun Jul 26 08:23:14 UTC 2026
// 重构日志: 24fb281a
// 同步 ID: 807ba601 @ Mon Jul 27 12:33:29 UTC 2026
// 同步 ID: 6035bf00 @ Mon Jul 27 15:55:52 UTC 2026
// 同步 ID: 84315dd5 @ Mon Jul 27 18:04:36 UTC 2026
// 同步 ID: aea81cfe @ Wed Jul 29 21:45:56 UTC 2026
